////////////////////////////////////////////////////////////////////////////////
///////////////////InstallShield Media Library Report Summary///////////////////
////////////////////////////////////////////////////////////////////////////////

Media Name      : Default
Report Filename : C:\Documents and Settings\Randy\My Documents\Randy's Folder\ProSaver\Install\ProSaver Screensaver Manager\Media\Default\Report Files\3-21-2007 12.12.19AM.rpt
Date            : 03/21/2007
Time            : 12:12AM

Number of Components:                1 
Number of File Groups:               1 
Number of Files:                    19 
Total Size of Files:         2,003,598 (bytes)

==========
COMPONENTS
==========


     Program Files


////////////////////////////////////////////////////////////////////////////////
/////////////////////////////////Report Details/////////////////////////////////
////////////////////////////////////////////////////////////////////////////////


================================================================================
                           COMPONENT: "Program Files"
================================================================================

SUMMARY:
    Total Files:               19 (files for this component only)
    Source Bytes:       2,003,598 (files for this component only)


                     **** File Group: "Program Files" ****


<Directory>: C:\Documents and Settings\Randy\My Documents\Randy's Folder\ProSaver\Versions\Current\Full

    Filename                    Date        Time      Size         Version      
    --------------------------  ----------  --------  -----------  -------------
    file_id.diz                 01/20/2007  12:02:16          432               
    license.txt                 01/20/2007  12:03:00        7,436               
    order.txt                   01/20/2007  12:03:33        1,768               
    pad_file.xml                01/20/2007  12:08:57       14,780               
    prosaver.chm                01/16/2007  00:38:38      968,163               
    ProSaver.exe                03/21/2007  00:10:56      754,264  1.0.1.0      
    readme.txt                  01/20/2007  12:06:13       20,065               
    SvrHook.dll                 09/23/2006  16:20:33       28,672               
    --------------------------  ----------  --------  -----------  -------------
    Count=8                                             1,795,580               


<Directory>: C:\Documents and Settings\Randy\My Documents\Randy's Folder\ProSaver\Versions\Current\Full\Audio

    Filename                    Date        Time      Size         Version      
    --------------------------  ----------  --------  -----------  -------------
    Adventure.mid               09/05/2006  10:38:56       17,746               
    Alien World.mid             09/05/2006  10:40:12       16,795               
    Canon in D.mid              09/05/2006  10:43:18        9,394               
    Caveman Drums.mid           09/05/2006  10:43:42        7,805               
    Creepy.mid                  09/05/2006  10:44:16        6,386               
    Epic Battle.mid             09/05/2006  10:44:48       36,051               
    Fur Elise.mid               09/05/2006  10:45:08        8,264               
    Lost and Alone.mid          09/05/2006  10:45:50       17,095               
    Mysterious.mid              09/05/2006  10:46:18       46,304               
    Space Battle.mid            09/05/2006  10:46:38       30,785               
    Spooky.mid                  09/05/2006  10:47:02       11,393               
    --------------------------  ----------  --------  -----------  -------------
    Count=11                                              208,018               
