////////////////////////////////////////////////////////////////////////////////
///////////////////InstallShield Media Library Report Summary///////////////////
////////////////////////////////////////////////////////////////////////////////

Media Name      : Default
Report Filename : C:\My Installations\ProSaver Screensaver Manager\Media\Default\Report Files\9-23-2006 8.21.37PM.rpt
Date            : 09/23/2006
Time            : 8:21PM

Number of Components:                1 
Number of File Groups:               0 
Number of Files:                     0 
Total Size of Files:                 0 (bytes)

==========
COMPONENTS
==========


     Program Files


////////////////////////////////////////////////////////////////////////////////
/////////////////////////////////Report Details/////////////////////////////////
////////////////////////////////////////////////////////////////////////////////


================================================================================
                                 COMPONENT: ""
================================================================================

SUMMARY:
    Total Files:                0 (files for this component only)
    Source Bytes:               0 (files for this component only)
