////////////////////////////////////////////////////////////////////////////////
///////////////////InstallShield Media Library Report Summary///////////////////
////////////////////////////////////////////////////////////////////////////////

Media Name      : Default
Report Filename : C:\Documents and Settings\Randy\My Documents\Randy's Folder\ProSaver\Install\ProSaver Screensaver Manager\Media\Default\Report Files\9-23-2006 10.29.57PM.rpt
Date            : 09/23/2006
Time            : 10:29PM

Number of Components:                1 
Number of File Groups:               1 
Number of Files:                    19 
Total Size of Files:         1,999,103 (bytes)

==========
COMPONENTS
==========


     Program Files


////////////////////////////////////////////////////////////////////////////////
/////////////////////////////////Report Details/////////////////////////////////
////////////////////////////////////////////////////////////////////////////////


================================================================================
                           COMPONENT: "Program Files"
================================================================================

SUMMARY:
    Total Files:               19 (files for this component only)
    Source Bytes:       1,999,103 (files for this component only)


                     **** File Group: "Program Files" ****


<Directory>: C:\Documents and Settings\Randy\My Documents\Randy's Folder\ProSaver\Versions\Current\Full

    Filename                    Date        Time      Size         Version      
    --------------------------  ----------  --------  -----------  -------------
    file_id.diz                 09/05/2006  22:20:56          432               
    license.txt                 07/27/2006  13:35:40        7,428               
    order.txt                   07/27/2006  11:54:34        1,768               
    pad_file.xml                09/23/2006  16:39:48       14,684               
    prosaver.chm                09/20/2006  02:10:45      968,617               
    ProSaver.exe                09/23/2006  16:21:23      749,568  1.0.0.0      
    readme.txt                  09/20/2006  07:45:56       19,916               
    SvrHook.dll                 09/23/2006  16:20:33       28,672               
    --------------------------  ----------  --------  -----------  -------------
    Count=8                                             1,791,085               


<Directory>: C:\Documents and Settings\Randy\My Documents\Randy's Folder\ProSaver\Versions\Current\Full\Audio

    Filename                    Date        Time      Size         Version      
    --------------------------  ----------  --------  -----------  -------------
    Adventure.mid               09/05/2006  10:38:56       17,746               
    Alien World.mid             09/05/2006  10:40:12       16,795               
    Canon in D.mid              09/05/2006  10:43:18        9,394               
    Caveman Drums.mid           09/05/2006  10:43:42        7,805               
    Creepy.mid                  09/05/2006  10:44:16        6,386               
    Epic Battle.mid             09/05/2006  10:44:48       36,051               
    Fur Elise.mid               09/05/2006  10:45:08        8,264               
    Lost and Alone.mid          09/05/2006  10:45:50       17,095               
    Mysterious.mid              09/05/2006  10:46:18       46,304               
    Space Battle.mid            09/05/2006  10:46:38       30,785               
    Spooky.mid                  09/05/2006  10:47:02       11,393               
    --------------------------  ----------  --------  -----------  -------------
    Count=11                                              208,018               
